// Jest Snapshot v1, https://goo.gl/fbAQLP

exports[`<Card /> should have a childrens 1`] = `
<div>
  <div
    class="wrapper"
    data-testid="Card"
  >
    <div>
      1
    </div>
    <div>
      2
    </div>
  </div>
</div>
`;
