// Jest Snapshot v1, https://goo.gl/fbAQLP

exports[`<Spinner /> should spinner rendered 1`] = `
<div
  data-testid="Spinner"
>
  <div
    class="spinner"
  >
    <div
      class="circle lineAnimation"
      style="background-color: rgb(121, 181, 255);"
    />
    <div
      class="circle lineAnimation"
      style="background-color: rgb(121, 181, 255);"
    />
    <div
      class="circle lineAnimation"
      style="background-color: rgb(121, 181, 255);"
    />
    <div
      class="circle lineAnimation"
      style="background-color: rgb(121, 181, 255);"
    />
  </div>
</div>
`;
